1.实验目的
为后续上机实验做准备，熟悉常用的Linux操作和Hadoop操作。
2.实验平台
操作系统：Linux
Hadoop版本：2.7.1
3.实验内容和要求
（一）熟悉常用的Linux操作
请按要求上机实践如下linux基本命令。
cd命令：切换目录
（1）切换到目录 /usr/local    $ cd /usr/local
（2）去到目前的上层目录       $ cd /usr/
（3）回到自己的主文件夹       $ cd /home/hadoop/  或  $ cd ~
ls命令：查看文件与目录        
（4）查看目录/usr下所有的文件  $ cd /usr/  —》 $ ls  —》$ ls *

mkdir命令：新建新目录
（5）进入/tmp目录，创建一个名为a的目录,并查看有多少目录存在   $ cd /tmp  —》$ mkdir a  —》$ ls
（6）创建目录a1/a2/a3/a4    
方式1：$ cd /tmp   —》$ mkdir ./a1  —》$ cd ./a1  —》$ mkdir ./a2  —》$ cd ./a2  —》$ mkdir a3 —》$ cd a3  —》$ mkdir a4
方式2：# mkdir -p a1/a2/a3/a4
尽量用方式1,因为方式2s可能导致目录的混乱。

rmdir命令：删除空的目录
（7）将上例创建的目录a（/tmp下面）删除    # rmdir a
（8）删除目录a1/a2/a3/a4，查看有多少目录存在   # rmdir -p a1/a2/a3/a4

cp命令：复制文件或目录
（9）将主文件夹下的.bashrc复制到/usr下，命名为bashrc1    # cp ~/.bashrc /usr/bashrc1
（10）在/tmp下新建目录test，再复制这个目录内容到/usr     # cd /tmp —》 # mkdir test —》# cp -r /tmp/test/ /usr

mv命令：移动文件与目录，或更名                          
（11）将上例文件bashrc1移动到目录/usr/test             # su -   —》# cd /usr   —》# mv bashrc1 /usr/test       
（12）将上例test目录重命名为test2                      # mv test test2 
  
rm命令：移除文件或目录 
（13）将上例复制的bashrc1文件删除      
root@ubantu-K42Jv:/usr# cd test2
root@ubantu-K42Jv:/usr/test2# ls
bashrc1
root@ubantu-K42Jv:/usr/test2# rm -i bashrc1
rm：是否删除普通文件 "bashrc1"？ y
root@ubantu-K42Jv:/usr/test2# ls
root@ubantu-K42Jv:/usr/test2#                 
（14）将上例的test2目录删除
root@ubantu-K42Jv:/usr/test2# cd ..
root@ubantu-K42Jv:/usr# ls
bin  games  include  lib  local  lost+found  sbin  share  src  test2
root@ubantu-K42Jv:/usr# rm -r test2
root@ubantu-K42Jv:/usr# ls
bin  games  include  lib  local  lost+found  sbin  share  src
root@ubantu-K42Jv:/usr# 


cat命令：查看文件内容
（15）查看主文件夹下的.bashrc文件内容
root@ubantu-K42Jv:~# cat ~/.bashrc
# ~/.bashrc: executed by bash(1) for non-login shells.
# see /usr/share/doc/bash/examples/startup-files (in the package bash-doc)
# for examples

tac命令：反向列示
（16）反向查看主文件夹下.bashrc文件内容
root@ubantu-K42Jv:~# tac ~/.bashrc

more命令：一页一页翻动查看
（17）翻页查看主文件夹下.bashrc文件内容
root@ubantu-K42Jv:~# more ~/.bashrc
# make less more friendly for non-text input files, see lesspipe(1)
--更多--(23%)
空白鍵 (space)：代表向下翻一頁；
Enter         ：代表向下翻『一行』；
/字串         ：代表在這個顯示的內容當中，向下搜尋『字串』這個關鍵字；
:f            ：立刻顯示出檔名以及目前顯示的行數；
q             ：代表立刻離開 more ，不再顯示該檔案內容。
b 或 [ctrl]-b ：代表往回翻頁，不過這動作只對檔案有用，對管線無用。

head命令：取出前面几行
（18）查看主文件夹下.bashrc文件内容前20行
root@ubantu-K42Jv:~# head  -n 20 ~/.bashrc
（19）查看主文件夹下.bashrc文件内容，后面50行不显示，只显示前面几行
root@ubantu-K42Jv:~# head  -n -50 ~/.bashrc
# ~/.bashrc: executed by bash(1) for non-login shells.
# see /usr/share/doc/bash/examples/startup-files (in the package bash-doc)

tail命令：取出后面几行
（20）查看主文件夹下.bashrc文件内容最后20行
root@ubantu-K42Jv:~# tail -n 20  ~/.bashrc
（21） 查看主文件夹下.bashrc文件内容，只列出50行以后的数据
root@ubantu-K42Jv:~# tail -n +50 ~/.bashrc


touch命令：修改文件时间或创建新文件
（22）在/tmp下创建一个空文件hello并查看时间
hadoop@ubantu-K42Jv:/$ cd /tmp
hadoop@ubantu-K42Jv:/tmp$ ls
config-err-3t2Yks                  sogou-qimpanel-cellhadoop
fcitx-socket-:0                    sogou-qimpanelhadoop
sni-qt_sogou-qimpanel_2134-MgplQs  unity_support_test.0
sogou-qimpanel:0.pid
hadoop@ubantu-K42Jv:/tmp$ ls -l
总用量 8
-rw------- 1 hadoop hadoop    0  8月 29 21:28 config-err-3t2Yks
srw------- 1 hadoop hadoop    0  8月 29 21:28 fcitx-socket-:0
drwx------ 3 hadoop hadoop 4096  8月 29 21:28 sni-qt_sogou-qimpanel_2134-MgplQs
-rw-rw-rw- 1 hadoop hadoop    5  8月 29 21:28 sogou-qimpanel:0.pid
srwxrwxr-x 1 hadoop hadoop    0  8月 29 21:28 sogou-qimpanel-cellhadoop
srwxrwxr-x 1 hadoop hadoop    0  8月 29 21:28 sogou-qimpanelhadoop
-rw-rw-r-- 1 hadoop hadoop    0  8月 29 21:28 unity_support_test.0
hadoop@ubantu-K42Jv:/tmp$ touch hello
hadoop@ubantu-K42Jv:/tmp$ ls -l hello
-rw-rw-r-- 1 hadoop hadoop 0  8月 29 22:11 hello
hadoop@ubantu-K42Jv:/tmp$ 
（23）修改hello文件，将日期调整为5天前
hadoop@ubantu-K42Jv:/tmp$ touch -d "5 days ago" hello
hadoop@ubantu-K42Jv:/tmp$ date;
2019年 08月 29日 星期四 22:16:23 CST
hadoop@ubantu-K42Jv:/tmp$ date; ll hello; ll --time=atime hello; ll --time=ctime hello
2019年 08月 29日 星期四 22:17:28 CST
-rw-rw-r-- 1 hadoop hadoop 0  8月 24 22:16 hello
-rw-rw-r-- 1 hadoop hadoop 0  8月 24 22:16 hello
-rw-rw-r-- 1 hadoop hadoop 0  8月 29 22:16 hello
hadoop@ubantu-K42Jv:/tmp$ 


chown命令：修改文件所有者权限
（24）将hello文件所有者改为root帐号，并查看属性
hadoop@ubantu-K42Jv:/tmp$ ls -l hello
-rw-rw-r-- 1 hadoop hadoop 0  8月 31 11:55 hello
hadoop@ubantu-K42Jv:/tmp$ chown -R root:root hello
chown: 正在更改"hello" 的所有者: 不允许的操作
hadoop@ubantu-K42Jv:/tmp$ sudo chown -R root:root hello
[sudo] password for hadoop: 
hadoop@ubantu-K42Jv:/tmp$ ls -l hello
-rw-rw-r-- 1 root root 0  8月 31 11:55 hello
hadoop@ubantu-K42Jv:/tmp$ sudo chmod -R 755 hello
hadoop@ubantu-K42Jv:/tmp$ ls -l hello
-rwxr-xr-x 1 root root 0  8月 31 11:55 hello
hadoop@ubantu-K42Jv:/tmp$ 


find命令：文件查找
（25）找出主文件夹下文件名为.bashrc的文件
hadoop@ubantu-K42Jv:~$ find ~ -name .bashrc
/home/hadoop/.bashrc
find: `/home/hadoop/.dbus': 权限不够
find: `/home/hadoop/.config/enchant': 权限不够
find: `/home/hadoop/.cache/dconf': 权限不够
find: `/home/hadoop/.gvfs': 权限不够
hadoop@ubantu-K42Jv:~$ 


tar命令：压缩命令
（26）在/目录下新建文件夹test,然后在/目录下打包成test.tar.gz
hadoop@ubantu-K42Jv:~$ cd /
hadoop@ubantu-K42Jv:/$ 
hadoop@ubantu-K42Jv:/$ 
hadoop@ubantu-K42Jv:/$ mkdir test
mkdir: 无法创建目录"test": 权限不够
hadoop@ubantu-K42Jv:/$ sudo mkdir test
[sudo] password for hadoop: 
hadoop@ubantu-K42Jv:/$ ls
bin    dev   initrd.img  lost+found  opt   run   sys   usr
boot   etc   lib         media       proc  sbin  test  var
cdrom  home  lib64       mnt         root  srv   tmp   vmlinuz
hadoop@ubantu-K42Jv:/$ tar -czf test.tar.gz test
tar (child): test.tar.gz：无法 open: 权限不够
tar (child): Error is not recoverable: exiting now
hadoop@ubantu-K42Jv:/$ sudo tar -czf test.tar.gz test
hadoop@ubantu-K42Jv:/$ ls
bin    dev   initrd.img  lost+found  opt   run   sys          tmp  vmlinuz
boot   etc   lib         media       proc  sbin  test         usr
cdrom  home  lib64       mnt         root  srv   test.tar.gz  var
hadoop@ubantu-K42Jv:/$ 
（27）解压缩到/tmp目录
hadoop@ubantu-K42Jv:/$ tar -xzvf test.tar.gz -C /tmp
test/
hadoop@ubantu-K42Jv:/$ cd /tmp
hadoop@ubantu-K42Jv:/tmp$ ls
config-err-DcvPRs                  sogou-qimpanel-cellhadoop
fcitx-socket-:0                    sogou-qimpanelhadoop
sni-qt_sogou-qimpanel_2110-yGDtNk  test
sogou-qimpanel:0.pid               unity_support_test.0
hadoop@ubantu-K42Jv:/tmp$ 


grep命令：查找字符串
（28）从～/.bashrc文件中查找字符串'examples'

（29）配置Java环境变量，在～/.bashrc中设置
（30）查看JAVA_HOME变量的值     $ echo $JAVA_HOME

（二）熟悉常用的Hadoop操作
（31）启动hadoop，在HDFS中创建用户目录（现在已经在hadoop目录/usr/local/hadoop）
（32）接着在此用户目录下创建text文件夹，并查看文件列表
（33）将～/.bashrc文件上传到HDFS的test文件夹，并查看test
（34） 将HDFS文件夹test拷到本机

